
> vite_react_shadcn_ts@0.0.0 build
> vite build

[36mvite v7.3.1 [32mbuilding client environment for production...[36m[39m
transforming...
[32mΓ£ô[39m 20 modules transformed.
node.exe : [31mΓ£ù[39m Build failed in 929ms
At line:1 char:1
+ & "C:\Program Files\nodejs/node.exe" "C:\Program 
Files\nodejs/node_mo ...
+ ~~~~~~~~~~~~~~~~~~~~~~~~~~~~~~~~~~~~~~~~~~~~~~~~~~~~~~~
~~~~~~~~~~~~~~
    + CategoryInfo          : NotSpecified: ([31mΓ£ù[3 
   9m Build failed in 929ms:String) [], RemoteException
    + FullyQualifiedErrorId : NativeCommandError
 
[31merror during build:
[31m[vite:esbuild] Transform failed with 1 error:
D:/fairpay/client/src/contexts/CurrencyContext.tsx:1:0: 
ERROR: Unexpected "∩┐╜"[31m
file: [36mD:/fairpay/client/src/contexts/CurrencyContext
.tsx:1:0[31m
[33m
[33mUnexpected "∩┐╜"[33m
1  |  ∩┐╜∩┐╜i m p o r t   R e a c t ,   {  
 c r e a t e C o n t e x t ,   u s e C o n t e x t ,  
 u s e S t a t e ,   u s e E f...
   |  ^
2  |   
 
3  |   e x p o r t   i n t e r f a c e  
 C u r r e n c y C o n t e x t T y p e   { 
 
[31m
    at failureErrorWithLog (D:\fairpay\client\node_module
s\vite\node_modules\esbuild\lib\main.js:1467:15)
    at D:\fairpay\client\node_modules\vite\node_modules\e
sbuild\lib\main.js:736:50
    at responseCallbacks.<computed> (D:\fairpay\client\no
de_modules\vite\node_modules\esbuild\lib\main.js:603:9)
    at handleIncomingPacket (D:\fairpay\client\node_modul
es\vite\node_modules\esbuild\lib\main.js:658:12)
    at Socket.readFromStdout (D:\fairpay\client\node_modu
les\vite\node_modules\esbuild\lib\main.js:581:7)
    at Socket.emit (node:events:508:28)
    at addChunk (node:internal/streams/readable:559:12)
    at readableAddChunkPushByteMode 
(node:internal/streams/readable:510:3)
    at Readable.push 
(node:internal/streams/readable:390:5)
    at Pipe.onStreamRead 
(node:internal/stream_base_commons:189:23)[39m
